
User@DESKTOP-DF692LB MINGW64 /d/NetBeansProjects/MathUtil (master)
$ git add *
The following paths are ignored by one of your .gitignore files:
build
dist
hint: Use -f if you really want to add them.
hint: Turn this message off by running
hint: "git config advice.addIgnoredFile false"

User@DESKTOP-DF692LB MINGW64 /d/NetBeansProjects/MathUtil (master)
$ git commit -m "4th: add tdd"
On branch master
Your branch is ahead of 'origin/master' by 1 commit.
  (use "git push" to publish your local commits)

Untracked files:
  (use "git add <file>..." to include in what will be committed)
        .gitignore

nothing added to commit but untracked files present (use "git add" to track)

User@DESKTOP-DF692LB MINGW64 /d/NetBeansProjects/MathUtil (master)
$ git push
To https://github.com/NguyenVanQuyen812000/MathUtil.git
 ! [rejected]        master -> master (fetch first)
error: failed to push some refs to 'https://github.com/NguyenVanQuyen812000/Math
Util.git'
hint: Updates were rejected because the remote contains work that you do
hint: not have locally. This is usually caused by another repository pushing
hint: to the same ref. You may want to first integrate the remote changes
hint: (e.g., 'git pull ...') before pushing again.
hint: See the 'Note about fast-forwards' in 'git push --help' for details.
